ENHORABONA!
Una solució és:
  🧑🪿🦊🌾🌊    
      🛥️  🧑🪿
-------------------
    🦊🌾🌊🧑🪿  
      🛥️  🧑
-------------------
  🧑 🦊🌾🌊 🪿  
      🛥️  🧑🦊
-------------------
     🌾🌊🧑🪿🦊 
      🛥️  🧑🪿
-------------------
  🧑🪿 🌾🌊  🦊 
      🛥️  🧑🌾
-------------------
   🪿  🌊🧑 🦊🌾
      🛥️  🧑
-------------------
  🧑🪿  🌊  🦊🌾
      🛥️  🧑🪿
-------------------
      🌊🧑🪿🦊🌾
      🎊🎊🎊
-------------------

ENHORABONA!
Una solució és:
  🧑🪿🦊🌾🌊    
      🛥️  🧑🪿
-------------------
    🦊🌾🌊🧑🪿  
      🛥️  🧑
-------------------
  🧑 🦊🌾🌊 🪿  
      🛥️  🧑🌾
-------------------
    🦊 🌊🧑🪿 🌾
      🛥️  🧑🪿
-------------------
  🧑🪿🦊 🌊   🌾
      🛥️  🧑🦊
-------------------
   🪿  🌊🧑 🦊🌾
      🛥️  🧑
-------------------
  🧑🪿  🌊  🦊🌾
      🛥️  🧑🪿
-------------------
      🌊🧑🪿🦊🌾
      🎊🎊🎊
-------------------

S'han trobat 2 solucuons.
